==879961== Memcheck, a memory error detector
==879961== Copyright (C) 2002-2017, and GNU GPL'd, by Julian Seward et al.
==879961== Using Valgrind-3.18.1 and LibVEX; rerun with -h for copyright info
==879961== Command: ./cub3d /home/uviana-b/New_Cub3d/mapas/valid_door.cub
==879961== 
==879961== 
==879961== HEAP SUMMARY:
==879961==     in use at exit: 158,338 bytes in 561 blocks
==879961==   total heap usage: 4,292 allocs, 3,731 frees, 4,213,462 bytes allocated
==879961== 
==879961== LEAK SUMMARY:
==879961==    definitely lost: 0 bytes in 0 blocks
==879961==    indirectly lost: 0 bytes in 0 blocks
==879961==      possibly lost: 0 bytes in 0 blocks
==879961==    still reachable: 158,338 bytes in 561 blocks
==879961==         suppressed: 0 bytes in 0 blocks
==879961== Reachable blocks (those to which a pointer was found) are not shown.
==879961== To see them, rerun with: --leak-check=full --show-leak-kinds=all
==879961== 
==879961== For lists of detected and suppressed errors, rerun with: -s
==879961== ERROR SUMMARY: 0 errors from 0 contexts (suppressed: 6 from 1)
